// Jest Snapshot v1, https://goo.gl/fbAQLP

exports[`Input/ino-autocomplete Playground smoke-test 1`] = `
<div id="root-inner">
  <div class>
    <div style="height: 300px;">
      <ino-autocomplete style="margin: 50px"
                        no-options-text="No option found"
                        class="hydrated"
      >
        <ino-input slot="input"
                   helper="Helper text"
                   helper-persistent
                   class="hydrated"
                   tabindex="-1"
        >
          <label class="ino-input__composer mdc-text-field mdc-text-field--filled mdc-text-field--box mdc-text-field--no-label mdc-ripple-upgraded">
            <ino-label class="hydrated">
              <div class="mdc-line-ripple">
              </div>
            </ino-label>
            <input class="mdc-text-field__input"
                   step="1"
                   type="text"
                   aria-controls="input-helper-text__0"
                   aria-describedby="input-helper-text__0"
            >
          </label>
          <div class="mdc-text-field-helper-line">
            <div class="mdc-text-field-helper-text mdc-text-field-helper-text--persistent"
                 id="input-helper-text__0"
                 aria-hidden="true"
            >
              Helper text
            </div>
          </div>
        </ino-input>
        <ino-option value="value of Option 0"
                    class="hydrated"
                    style="display: block;"
        >
          <li class="mdc-deprecated-list-item"
              data-value="value of Option 0"
          >
            <span class="mdc-deprecated-list-item__text">
              0
            </span>
          </li>
        </ino-option>
        <ino-option value="value of Option 1"
                    class="hydrated"
                    style="display: block;"
        >
          <li class="mdc-deprecated-list-item"
              data-value="value of Option 1"
          >
            <span class="mdc-deprecated-list-item__text">
              1
            </span>
          </li>
        </ino-option>
        <ino-option value="value of Option 2"
                    class="hydrated"
                    style="display: block;"
        >
          <li class="mdc-deprecated-list-item"
              data-value="value of Option 2"
          >
            <span class="mdc-deprecated-list-item__text">
              2
            </span>
          </li>
        </ino-option>
        <ino-option value="value of Option 3"
                    class="hydrated"
                    style="display: block;"
        >
          <li class="mdc-deprecated-list-item"
              data-value="value of Option 3"
          >
            <span class="mdc-deprecated-list-item__text">
              3
            </span>
          </li>
        </ino-option>
        <ino-option value="value of Option 4"
                    class="hydrated"
                    style="display: block;"
        >
          <li class="mdc-deprecated-list-item"
              data-value="value of Option 4"
          >
            <span class="mdc-deprecated-list-item__text">
              4
            </span>
          </li>
        </ino-option>
        <ino-option value="value of Option 5"
                    class="hydrated"
                    style="display: block;"
        >
          <li class="mdc-deprecated-list-item"
              data-value="value of Option 5"
          >
            <span class="mdc-deprecated-list-item__text">
              5
            </span>
          </li>
        </ino-option>
        <ino-option value="value of Option 6"
                    class="hydrated"
                    style="display: block;"
        >
          <li class="mdc-deprecated-list-item"
              data-value="value of Option 6"
          >
            <span class="mdc-deprecated-list-item__text">
              6
            </span>
          </li>
        </ino-option>
        <ino-option value="value of Option 7"
                    class="hydrated"
                    style="display: block;"
        >
          <li class="mdc-deprecated-list-item"
              data-value="value of Option 7"
          >
            <span class="mdc-deprecated-list-item__text">
              7
            </span>
          </li>
        </ino-option>
        <ino-option value="value of Option 8"
                    class="hydrated"
                    style="display: block;"
        >
          <li class="mdc-deprecated-list-item"
              data-value="value of Option 8"
          >
            <span class="mdc-deprecated-list-item__text">
              8
            </span>
          </li>
        </ino-option>
        <ino-option value="value of Option 9"
                    class="hydrated"
                    style="display: block;"
        >
          <li class="mdc-deprecated-list-item"
              data-value="value of Option 9"
          >
            <span class="mdc-deprecated-list-item__text">
              9
            </span>
          </li>
        </ino-option>
        <ino-option value="value of Option 10"
                    class="hydrated"
                    style="display: block;"
        >
          <li class="mdc-deprecated-list-item"
              data-value="value of Option 10"
          >
            <span class="mdc-deprecated-list-item__text">
              10
            </span>
          </li>
        </ino-option>
        <ino-option value="value of Option 11"
                    class="hydrated"
                    style="display: block;"
        >
          <li class="mdc-deprecated-list-item"
              data-value="value of Option 11"
          >
            <span class="mdc-deprecated-list-item__text">
              11
            </span>
          </li>
        </ino-option>
        <ino-option value="value of Option 12"
                    class="hydrated"
                    style="display: block;"
        >
          <li class="mdc-deprecated-list-item"
              data-value="value of Option 12"
          >
            <span class="mdc-deprecated-list-item__text">
              12
            </span>
          </li>
        </ino-option>
        <ino-option value="value of Option 13"
                    class="hydrated"
                    style="display: block;"
        >
          <li class="mdc-deprecated-list-item"
              data-value="value of Option 13"
          >
            <span class="mdc-deprecated-list-item__text">
              13
            </span>
          </li>
        </ino-option>
        <ino-option value="value of Option 14"
                    class="hydrated"
                    style="display: block;"
        >
          <li class="mdc-deprecated-list-item"
              data-value="value of Option 14"
          >
            <span class="mdc-deprecated-list-item__text">
              14
            </span>
          </li>
        </ino-option>
        <ino-option value="value of Option 15"
                    class="hydrated"
                    style="display: block;"
        >
          <li class="mdc-deprecated-list-item"
              data-value="value of Option 15"
          >
            <span class="mdc-deprecated-list-item__text">
              15
            </span>
          </li>
        </ino-option>
        <ino-option value="value of Option 16"
                    class="hydrated"
                    style="display: block;"
        >
          <li class="mdc-deprecated-list-item"
              data-value="value of Option 16"
          >
            <span class="mdc-deprecated-list-item__text">
              16
            </span>
          </li>
        </ino-option>
        <ino-option value="value of Option 17"
                    class="hydrated"
                    style="display: block;"
        >
          <li class="mdc-deprecated-list-item"
              data-value="value of Option 17"
          >
            <span class="mdc-deprecated-list-item__text">
              17
            </span>
          </li>
        </ino-option>
        <ino-option value="value of Option 18"
                    class="hydrated"
                    style="display: block;"
        >
          <li class="mdc-deprecated-list-item"
              data-value="value of Option 18"
          >
            <span class="mdc-deprecated-list-item__text">
              18
            </span>
          </li>
        </ino-option>
        <ino-option value="value of Option 19"
                    class="hydrated"
                    style="display: block;"
        >
          <li class="mdc-deprecated-list-item"
              data-value="value of Option 19"
          >
            <span class="mdc-deprecated-list-item__text">
              19
            </span>
          </li>
        </ino-option>
        <ino-option value="value of Option 20"
                    class="hydrated"
                    style="display: block;"
        >
          <li class="mdc-deprecated-list-item"
              data-value="value of Option 20"
          >
            <span class="mdc-deprecated-list-item__text">
              20
            </span>
          </li>
        </ino-option>
        <ino-option value="value of Option 21"
                    class="hydrated"
                    style="display: block;"
        >
          <li class="mdc-deprecated-list-item"
              data-value="value of Option 21"
          >
            <span class="mdc-deprecated-list-item__text">
              21
            </span>
          </li>
        </ino-option>
        <ino-option value="value of Option 22"
                    class="hydrated"
                    style="display: block;"
        >
          <li class="mdc-deprecated-list-item"
              data-value="value of Option 22"
          >
            <span class="mdc-deprecated-list-item__text">
              22
            </span>
          </li>
        </ino-option>
        <ino-option value="value of Option 23"
                    class="hydrated"
                    style="display: block;"
        >
          <li class="mdc-deprecated-list-item"
              data-value="value of Option 23"
          >
            <span class="mdc-deprecated-list-item__text">
              23
            </span>
          </li>
        </ino-option>
        <ino-option value="value of Option 24"
                    class="hydrated"
                    style="display: block;"
        >
          <li class="mdc-deprecated-list-item"
              data-value="value of Option 24"
          >
            <span class="mdc-deprecated-list-item__text">
              24
            </span>
          </li>
        </ino-option>
        <ino-option value="value of Option 25"
                    class="hydrated"
                    style="display: block;"
        >
          <li class="mdc-deprecated-list-item"
              data-value="value of Option 25"
          >
            <span class="mdc-deprecated-list-item__text">
              25
            </span>
          </li>
        </ino-option>
        <ino-option value="value of Option 26"
                    class="hydrated"
                    style="display: block;"
        >
          <li class="mdc-deprecated-list-item"
              data-value="value of Option 26"
          >
            <span class="mdc-deprecated-list-item__text">
              26
            </span>
          </li>
        </ino-option>
        <ino-option value="value of Option 27"
                    class="hydrated"
                    style="display: block;"
        >
          <li class="mdc-deprecated-list-item"
              data-value="value of Option 27"
          >
            <span class="mdc-deprecated-list-item__text">
              27
            </span>
          </li>
        </ino-option>
        <ino-option value="value of Option 28"
                    class="hydrated"
                    style="display: block;"
        >
          <li class="mdc-deprecated-list-item"
              data-value="value of Option 28"
          >
            <span class="mdc-deprecated-list-item__text">
              28
            </span>
          </li>
        </ino-option>
        <ino-option value="value of Option 29"
                    class="hydrated"
                    style="display: block;"
        >
          <li class="mdc-deprecated-list-item"
              data-value="value of Option 29"
          >
            <span class="mdc-deprecated-list-item__text">
              29
            </span>
          </li>
        </ino-option>
        <ino-option value="value of Option 30"
                    class="hydrated"
                    style="display: block;"
        >
          <li class="mdc-deprecated-list-item"
              data-value="value of Option 30"
          >
            <span class="mdc-deprecated-list-item__text">
              30
            </span>
          </li>
        </ino-option>
        <ino-option value="value of Option 31"
                    class="hydrated"
                    style="display: block;"
        >
          <li class="mdc-deprecated-list-item"
              data-value="value of Option 31"
          >
            <span class="mdc-deprecated-list-item__text">
              31
            </span>
          </li>
        </ino-option>
        <ino-option value="value of Option 32"
                    class="hydrated"
                    style="display: block;"
        >
          <li class="mdc-deprecated-list-item"
              data-value="value of Option 32"
          >
            <span class="mdc-deprecated-list-item__text">
              32
            </span>
          </li>
        </ino-option>
        <ino-option value="value of Option 33"
                    class="hydrated"
                    style="display: block;"
        >
          <li class="mdc-deprecated-list-item"
              data-value="value of Option 33"
          >
            <span class="mdc-deprecated-list-item__text">
              33
            </span>
          </li>
        </ino-option>
        <ino-option value="value of Option 34"
                    class="hydrated"
                    style="display: block;"
        >
          <li class="mdc-deprecated-list-item"
              data-value="value of Option 34"
          >
            <span class="mdc-deprecated-list-item__text">
              34
            </span>
          </li>
        </ino-option>
        <ino-option value="value of Option 35"
                    class="hydrated"
                    style="display: block;"
        >
          <li class="mdc-deprecated-list-item"
              data-value="value of Option 35"
          >
            <span class="mdc-deprecated-list-item__text">
              35
            </span>
          </li>
        </ino-option>
        <ino-option value="value of Option 36"
                    class="hydrated"
                    style="display: block;"
        >
          <li class="mdc-deprecated-list-item"
              data-value="value of Option 36"
          >
            <span class="mdc-deprecated-list-item__text">
              36
            </span>
          </li>
        </ino-option>
        <ino-option value="value of Option 37"
                    class="hydrated"
                    style="display: block;"
        >
          <li class="mdc-deprecated-list-item"
              data-value="value of Option 37"
          >
            <span class="mdc-deprecated-list-item__text">
              37
            </span>
          </li>
        </ino-option>
        <ino-option value="value of Option 38"
                    class="hydrated"
                    style="display: block;"
        >
          <li class="mdc-deprecated-list-item"
              data-value="value of Option 38"
          >
            <span class="mdc-deprecated-list-item__text">
              38
            </span>
          </li>
        </ino-option>
        <ino-option value="value of Option 39"
                    class="hydrated"
                    style="display: block;"
        >
          <li class="mdc-deprecated-list-item"
              data-value="value of Option 39"
          >
            <span class="mdc-deprecated-list-item__text">
              39
            </span>
          </li>
        </ino-option>
        <ino-option value="value of Option 40"
                    class="hydrated"
                    style="display: block;"
        >
          <li class="mdc-deprecated-list-item"
              data-value="value of Option 40"
          >
            <span class="mdc-deprecated-list-item__text">
              40
            </span>
          </li>
        </ino-option>
        <ino-option value="value of Option 41"
                    class="hydrated"
                    style="display: block;"
        >
          <li class="mdc-deprecated-list-item"
              data-value="value of Option 41"
          >
            <span class="mdc-deprecated-list-item__text">
              41
            </span>
          </li>
        </ino-option>
        <ino-option value="value of Option 42"
                    class="hydrated"
                    style="display: block;"
        >
          <li class="mdc-deprecated-list-item"
              data-value="value of Option 42"
          >
            <span class="mdc-deprecated-list-item__text">
              42
            </span>
          </li>
        </ino-option>
        <ino-option value="value of Option 43"
                    class="hydrated"
                    style="display: block;"
        >
          <li class="mdc-deprecated-list-item"
              data-value="value of Option 43"
          >
            <span class="mdc-deprecated-list-item__text">
              43
            </span>
          </li>
        </ino-option>
        <ino-option value="value of Option 44"
                    class="hydrated"
                    style="display: block;"
        >
          <li class="mdc-deprecated-list-item"
              data-value="value of Option 44"
          >
            <span class="mdc-deprecated-list-item__text">
              44
            </span>
          </li>
        </ino-option>
        <ino-option value="value of Option 45"
                    class="hydrated"
                    style="display: block;"
        >
          <li class="mdc-deprecated-list-item"
              data-value="value of Option 45"
          >
            <span class="mdc-deprecated-list-item__text">
              45
            </span>
          </li>
        </ino-option>
        <ino-option value="value of Option 46"
                    class="hydrated"
                    style="display: block;"
        >
          <li class="mdc-deprecated-list-item"
              data-value="value of Option 46"
          >
            <span class="mdc-deprecated-list-item__text">
              46
            </span>
          </li>
        </ino-option>
        <ino-option value="value of Option 47"
                    class="hydrated"
                    style="display: block;"
        >
          <li class="mdc-deprecated-list-item"
              data-value="value of Option 47"
          >
            <span class="mdc-deprecated-list-item__text">
              47
            </span>
          </li>
        </ino-option>
        <ino-option value="value of Option 48"
                    class="hydrated"
                    style="display: block;"
        >
          <li class="mdc-deprecated-list-item"
              data-value="value of Option 48"
          >
            <span class="mdc-deprecated-list-item__text">
              48
            </span>
          </li>
        </ino-option>
        <ino-option value="value of Option 49"
                    class="hydrated"
                    style="display: block;"
        >
          <li class="mdc-deprecated-list-item"
              data-value="value of Option 49"
          >
            <span class="mdc-deprecated-list-item__text">
              49
            </span>
          </li>
        </ino-option>
      </ino-autocomplete>
    </div>
  </div>
</div>
`;
