// Jest Snapshot v1, https://goo.gl/fbAQLP

exports[`Input/ino-markdown-editor Playground smoke-test 1`] = `
<div id="root-inner">
  <div class="story-markdown-editor">
    <ino-markdown-editor id="editor-playground"
                         initial-value
                         view-mode="preview"
    >
    </ino-markdown-editor>
  </div>
</div>
`;
